curl -sS --max-time 30 https://api.cloudflare.com/client/v4/accounts/a7fa198dd5b359a187c671064fe6b36e/ai-gateway/gateways/opencode/routes?page=1&per_page=25 -H @/tmp/d1-registry-refresh-fnWF1b/cf-auth.txt -H cf-aig-skip-cache: true 
curl -sS --max-time 30 https://api.cloudflare.com/client/v4/accounts/a7fa198dd5b359a187c671064fe6b36e/ai-gateway/gateways/opencode/routes?page=1&per_page=25 -H @/tmp/d1-registry-refresh-fnWF1b/cf-auth.txt -H cf-aig-skip-cache: true 
curl -sS --max-time 30 https://api.cloudflare.com/client/v4/accounts/a7fa198dd5b359a187c671064fe6b36e/ai-gateway/gateways/opencode/routes?page=1&per_page=25 -H @/tmp/d1-registry-refresh-fnWF1b/cf-auth.txt -H cf-aig-skip-cache: true 
curl -sS --max-time 30 https://api.cloudflare.com/client/v4/accounts/a7fa198dd5b359a187c671064fe6b36e/ai-gateway/gateways/opencode/routes?page=1&per_page=25 -H @/tmp/d1-registry-refresh-fnWF1b/cf-auth.txt -H cf-aig-skip-cache: true 
curl -sS --max-time 30 https://api.cloudflare.com/client/v4/accounts/a7fa198dd5b359a187c671064fe6b36e/ai-gateway/gateways/opencode/routes?page=1&per_page=25 -H @/tmp/d1-registry-refresh-fnWF1b/cf-auth.txt -H cf-aig-skip-cache: true 
curl -sS --max-time 30 https://api.cloudflare.com/client/v4/accounts/a7fa198dd5b359a187c671064fe6b36e/ai-gateway/gateways/opencode/routes/01798680-4b8e-4605-8715-2ce24e0edff9 -H @/tmp/d1-registry-refresh-fnWF1b/cf-auth.txt -H cf-aig-skip-cache: true 
curl -sS --max-time 30 https://api.cloudflare.com/client/v4/accounts/a7fa198dd5b359a187c671064fe6b36e/ai-gateway/gateways/opencode/routes/01798680-4b8e-4605-8715-2ce24e0edff9 -H @/tmp/d1-registry-refresh-fnWF1b/cf-auth.txt -H cf-aig-skip-cache: true 
curl -sS --max-time 30 https://api.cloudflare.com/client/v4/accounts/a7fa198dd5b359a187c671064fe6b36e/ai-gateway/gateways/opencode/routes/01798680-4b8e-4605-8715-2ce24e0edff9 -H @/tmp/d1-registry-refresh-fnWF1b/cf-auth.txt -H cf-aig-skip-cache: true 
curl -sS --max-time 30 https://api.cloudflare.com/client/v4/accounts/a7fa198dd5b359a187c671064fe6b36e/ai-gateway/gateways/opencode/routes/01798680-4b8e-4605-8715-2ce24e0edff9 -H @/tmp/d1-registry-refresh-fnWF1b/cf-auth.txt -H cf-aig-skip-cache: true 
curl -sS --max-time 30 https://api.cloudflare.com/client/v4/accounts/a7fa198dd5b359a187c671064fe6b36e/ai-gateway/gateways/opencode/routes/01798680-4b8e-4605-8715-2ce24e0edff9 -H @/tmp/d1-registry-refresh-fnWF1b/cf-auth.txt -H cf-aig-skip-cache: true 
curl -sS --max-time 30 https://api.cloudflare.com/client/v4/accounts/a7fa198dd5b359a187c671064fe6b36e/ai-gateway/gateways/opencode/routes/4406f5a6-a571-4776-9efa-bb16591f8d38 -H @/tmp/d1-registry-refresh-fnWF1b/cf-auth.txt -H cf-aig-skip-cache: true 
curl -sS --max-time 30 https://api.cloudflare.com/client/v4/accounts/a7fa198dd5b359a187c671064fe6b36e/ai-gateway/gateways/opencode/routes/4406f5a6-a571-4776-9efa-bb16591f8d38 -H @/tmp/d1-registry-refresh-fnWF1b/cf-auth.txt -H cf-aig-skip-cache: true 

curl -sS --max-time 30 https://api.cloudflare.com/client/v4/accounts/a7fa198dd5b359a187c671064fe6b36e/ai-gateway/gateways/opencode/routes/d25d6b61-b8c3-419b-a83e-dfb27fc5ef2f -H @/tmp/d1-registry-refresh-fnWF1b/cf-auth.txt -H cf-aig-skip-cache: true 
curl -sS --max-time 30 https://api.cloudflare.com/client/v4/accounts/a7fa198dd5b359a187c671064fe6b36e/ai-gateway/gateways/opencode/routes/d25d6b61-b8c3-419b-a83e-dfb27fc5ef2f -H @/tmp/d1-registry-refresh-fnWF1b/cf-auth.txt -H cf-aig-skip-cache: true 
curl -sS --max-time 30 https://api.cloudflare.com/client/v4/accounts/a7fa198dd5b359a187c671064fe6b36e/ai-gateway/gateways/opencode/routes/d25d6b61-b8c3-419b-a83e-dfb27fc5ef2f -H @/tmp/d1-registry-refresh-fnWF1b/cf-auth.txt -H cf-aig-skip-cache: true 
curl -sS --max-time 30 https://api.cloudflare.com/client/v4/accounts/a7fa198dd5b359a187c671064fe6b36e/ai-gateway/gateways/opencode/routes/5ea3820d-c303-4a77-af7f-26204ba7a5c5 -H @/tmp/d1-registry-refresh-fnWF1b/cf-auth.txt -H cf-aig-skip-cache: true 
curl -sS --max-time 30 https://api.cloudflare.com/client/v4/accounts/a7fa198dd5b359a187c671064fe6b36e/ai-gateway/gateways/opencode/routes/5ea3820d-c303-4a77-af7f-26204ba7a5c5 -H @/tmp/d1-registry-refresh-fnWF1b/cf-auth.txt -H cf-aig-skip-cache: true 

curl -sS --max-time 30 https://api.cloudflare.com/client/v4/accounts/a7fa198dd5b359a187c671064fe6b36e/ai-gateway/gateways/opencode/routes/1764de6f-f514-4db3-a19d-1a23d1efab8f -H @/tmp/d1-registry-refresh-fnWF1b/cf-auth.txt -H cf-aig-skip-cache: true 
curl -sS --max-time 30 https://api.cloudflare.com/client/v4/accounts/a7fa198dd5b359a187c671064fe6b36e/ai-gateway/gateways/opencode/routes/1764de6f-f514-4db3-a19d-1a23d1efab8f -H @/tmp/d1-registry-refresh-fnWF1b/cf-auth.txt -H cf-aig-skip-cache: true 

curl -sS --max-time 30 https://api.cloudflare.com/client/v4/accounts/a7fa198dd5b359a187c671064fe6b36e/ai-gateway/gateways/opencode/routes/20bba989-458d-4d48-a454-5b1f9baf397c -H @/tmp/d1-registry-refresh-fnWF1b/cf-auth.txt -H cf-aig-skip-cache: true 
curl -sS --max-time 30 https://api.cloudflare.com/client/v4/accounts/a7fa198dd5b359a187c671064fe6b36e/ai-gateway/gateways/opencode/routes/20bba989-458d-4d48-a454-5b1f9baf397c -H @/tmp/d1-registry-refresh-fnWF1b/cf-auth.txt -H cf-aig-skip-cache: true 
curl -sS --max-time 30 https://api.cloudflare.com/client/v4/accounts/a7fa198dd5b359a187c671064fe6b36e/ai-gateway/gateways/opencode/routes/20bba989-458d-4d48-a454-5b1f9baf397c -H @/tmp/d1-registry-refresh-fnWF1b/cf-auth.txt -H cf-aig-skip-cache: true 
curl -sS --max-time 30 https://api.cloudflare.com/client/v4/accounts/a7fa198dd5b359a187c671064fe6b36e/ai-gateway/gateways/opencode/routes/20bba989-458d-4d48-a454-5b1f9baf397c -H @/tmp/d1-registry-refresh-fnWF1b/cf-auth.txt -H cf-aig-skip-cache: true 
curl -sS --max-time 30 https://api.cloudflare.com/client/v4/accounts/a7fa198dd5b359a187c671064fe6b36e/ai-gateway/gateways/opencode/routes/20bba989-458d-4d48-a454-5b1f9baf397c -H @/tmp/d1-registry-refresh-fnWF1b/cf-auth.txt -H cf-aig-skip-cache: true 
curl -sS --max-time 30 https://api.cloudflare.com/client/v4/accounts/a7fa198dd5b359a187c671064fe6b36e/ai-gateway/gateways/opencode/routes/20bba989-458d-4d48-a454-5b1f9baf397c -H @/tmp/d1-registry-refresh-fnWF1b/cf-auth.txt -H cf-aig-skip-cache: true 
curl -sS --max-time 30 https://api.cloudflare.com/client/v4/accounts/a7fa198dd5b359a187c671064fe6b36e/ai-gateway/gateways/opencode/routes/20bba989-458d-4d48-a454-5b1f9baf397c -H @/tmp/d1-registry-refresh-fnWF1b/cf-auth.txt -H cf-aig-skip-cache: true 
curl -sS --max-time 30 https://api.cloudflare.com/client/v4/accounts/a7fa198dd5b359a187c671064fe6b36e/ai-gateway/gateways/opencode/routes/20bba989-458d-4d48-a454-5b1f9baf397c -H @/tmp/d1-registry-refresh-fnWF1b/cf-auth.txt -H cf-aig-skip-cache: true 
curl -sS --max-time 30 https://api.cloudflare.com/client/v4/accounts/a7fa198dd5b359a187c671064fe6b36e/ai-gateway/gateways/opencode/routes/20bba989-458d-4d48-a454-5b1f9baf397c -H @/tmp/d1-registry-refresh-fnWF1b/cf-auth.txt -H cf-aig-skip-cache: true 
curl -sS --max-time 30 https://api.cloudflare.com/client/v4/accounts/a7fa198dd5b359a187c671064fe6b36e/ai-gateway/gateways/opencode/routes/20bba989-458d-4d48-a454-5b1f9baf397c -H @/tmp/d1-registry-refresh-fnWF1b/cf-auth.txt -H cf-aig-skip-cache: true 
curl -sS --max-time 30 https://api.cloudflare.com/client/v4/accounts/a7fa198dd5b359a187c671064fe6b36e/ai-gateway/gateways/opencode/routes/20bba989-458d-4d48-a454-5b1f9baf397c -H @/tmp/d1-registry-refresh-fnWF1b/cf-auth.txt -H cf-aig-skip-cache: true 
curl -sS --max-time 30 https://api.cloudflare.com/client/v4/accounts/a7fa198dd5b359a187c671064fe6b36e/ai-gateway/gateways/opencode/routes/20bba989-458d-4d48-a454-5b1f9baf397c -H @/tmp/d1-registry-refresh-fnWF1b/cf-auth.txt -H cf-aig-skip-cache: true 
curl -sS --max-time 30 https://api.cloudflare.com/client/v4/accounts/a7fa198dd5b359a187c671064fe6b36e/ai-gateway/gateways/opencode/routes/20bba989-458d-4d48-a454-5b1f9baf397c -H @/tmp/d1-registry-refresh-fnWF1b/cf-auth.txt -H cf-aig-skip-cache: true 
curl -sS --max-time 30 https://api.cloudflare.com/client/v4/accounts/a7fa198dd5b359a187c671064fe6b36e/ai-gateway/gateways/opencode/routes/20bba989-458d-4d48-a454-5b1f9baf397c -H @/tmp/d1-registry-refresh-fnWF1b/cf-auth.txt -H cf-aig-skip-cache: true 
curl -sS --max-time 30 https://api.cloudflare.com/client/v4/accounts/a7fa198dd5b359a187c671064fe6b36e/ai-gateway/gateways/opencode/routes/20bba989-458d-4d48-a454-5b1f9baf397c -H @/tmp/d1-registry-refresh-fnWF1b/cf-auth.txt -H cf-aig-skip-cache: true 
curl -sS --max-time 30 https://api.cloudflare.com/client/v4/accounts/a7fa198dd5b359a187c671064fe6b36e/ai-gateway/gateways/opencode/routes/20bba989-458d-4d48-a454-5b1f9baf397c -H @/tmp/d1-registry-refresh-fnWF1b/cf-auth.txt -H cf-aig-skip-cache: true 
curl -sS --max-time 30 https://api.cloudflare.com/client/v4/accounts/a7fa198dd5b359a187c671064fe6b36e/ai-gateway/gateways/opencode/routes/20bba989-458d-4d48-a454-5b1f9baf397c -H @/tmp/d1-registry-refresh-fnWF1b/cf-auth.txt -H cf-aig-skip-cache: true 
curl -sS --max-time 30 https://api.cloudflare.com/client/v4/accounts/a7fa198dd5b359a187c671064fe6b36e/ai-gateway/gateways/opencode/routes/20bba989-458d-4d48-a454-5b1f9baf397c -H @/tmp/d1-registry-refresh-fnWF1b/cf-auth.txt -H cf-aig-skip-cache: true 
curl -sS --max-time 30 https://api.cloudflare.com/client/v4/accounts/a7fa198dd5b359a187c671064fe6b36e/ai-gateway/gateways/opencode/routes/2fbb676d-55c3-4a48-a17c-9d95bde70169 -H @/tmp/d1-registry-refresh-fnWF1b/cf-auth.txt -H cf-aig-skip-cache: true 
curl -sS --max-time 30 https://api.cloudflare.com/client/v4/accounts/a7fa198dd5b359a187c671064fe6b36e/ai-gateway/gateways/opencode/routes/2fbb676d-55c3-4a48-a17c-9d95bde70169 -H @/tmp/d1-registry-refresh-fnWF1b/cf-auth.txt -H cf-aig-skip-cache: true 
curl -sS --max-time 30 https://api.cloudflare.com/client/v4/accounts/a7fa198dd5b359a187c671064fe6b36e/ai-gateway/gateways/opencode/routes/15ed625c-98b2-455f-aa62-ee9ee0b93f8f -H @/tmp/d1-registry-refresh-fnWF1b/cf-auth.txt -H cf-aig-skip-cache: true 
curl -sS --max-time 30 https://api.cloudflare.com/client/v4/accounts/a7fa198dd5b359a187c671064fe6b36e/ai-gateway/gateways/opencode/routes/15ed625c-98b2-455f-aa62-ee9ee0b93f8f -H @/tmp/d1-registry-refresh-fnWF1b/cf-auth.txt -H cf-aig-skip-cache: true 
curl -sS --max-time 30 https://api.cloudflare.com/client/v4/accounts/a7fa198dd5b359a187c671064fe6b36e/ai-gateway/gateways/opencode/routes/15ed625c-98b2-455f-aa62-ee9ee0b93f8f -H @/tmp/d1-registry-refresh-fnWF1b/cf-auth.txt -H cf-aig-skip-cache: true 
curl -sS --max-time 30 https://api.cloudflare.com/client/v4/accounts/a7fa198dd5b359a187c671064fe6b36e/ai-gateway/gateways/opencode/routes/1a58dcad-d71a-4b77-9233-4888965ef92d -H @/tmp/d1-registry-refresh-fnWF1b/cf-auth.txt -H cf-aig-skip-cache: true 
curl -sS --max-time 30 https://api.cloudflare.com/client/v4/accounts/a7fa198dd5b359a187c671064fe6b36e/ai-gateway/gateways/opencode/routes/1a58dcad-d71a-4b77-9233-4888965ef92d -H @/tmp/d1-registry-refresh-fnWF1b/cf-auth.txt -H cf-aig-skip-cache: true 
curl -sS --max-time 30 https://api.cloudflare.com/client/v4/accounts/a7fa198dd5b359a187c671064fe6b36e/ai-gateway/gateways/opencode/routes/1a58dcad-d71a-4b77-9233-4888965ef92d -H @/tmp/d1-registry-refresh-fnWF1b/cf-auth.txt -H cf-aig-skip-cache: true 
curl -sS --max-time 30 https://api.cloudflare.com/client/v4/accounts/a7fa198dd5b359a187c671064fe6b36e/ai-gateway/gateways/opencode/routes/1a58dcad-d71a-4b77-9233-4888965ef92d -H @/tmp/d1-registry-refresh-fnWF1b/cf-auth.txt -H cf-aig-skip-cache: true 
curl -sS --max-time 30 https://api.cloudflare.com/client/v4/accounts/a7fa198dd5b359a187c671064fe6b36e/ai-gateway/gateways/opencode/routes/1a58dcad-d71a-4b77-9233-4888965ef92d -H @/tmp/d1-registry-refresh-fnWF1b/cf-auth.txt -H cf-aig-skip-cache: true 
curl -sS --max-time 30 https://api.cloudflare.com/client/v4/accounts/a7fa198dd5b359a187c671064fe6b36e/ai-gateway/gateways/opencode/routes/33e34769-5381-419a-9347-7870d2acd5a9 -H @/tmp/d1-registry-refresh-fnWF1b/cf-auth.txt -H cf-aig-skip-cache: true 
curl -sS --max-time 30 https://api.cloudflare.com/client/v4/accounts/a7fa198dd5b359a187c671064fe6b36e/ai-gateway/gateways/opencode/routes/33e34769-5381-419a-9347-7870d2acd5a9 -H @/tmp/d1-registry-refresh-fnWF1b/cf-auth.txt -H cf-aig-skip-cache: true 
curl -sS --max-time 30 https://api.cloudflare.com/client/v4/accounts/a7fa198dd5b359a187c671064fe6b36e/ai-gateway/gateways/opencode/routes/33e34769-5381-419a-9347-7870d2acd5a9 -H @/tmp/d1-registry-refresh-fnWF1b/cf-auth.txt -H cf-aig-skip-cache: true 
curl -sS --max-time 30 https://api.cloudflare.com/client/v4/accounts/a7fa198dd5b359a187c671064fe6b36e/ai-gateway/gateways/opencode/routes/33e34769-5381-419a-9347-7870d2acd5a9 -H @/tmp/d1-registry-refresh-fnWF1b/cf-auth.txt -H cf-aig-skip-cache: true 
curl -sS --max-time 30 https://api.cloudflare.com/client/v4/accounts/a7fa198dd5b359a187c671064fe6b36e/ai-gateway/gateways/opencode/routes/33e34769-5381-419a-9347-7870d2acd5a9 -H @/tmp/d1-registry-refresh-fnWF1b/cf-auth.txt -H cf-aig-skip-cache: true 
curl -sS --max-time 30 https://api.cloudflare.com/client/v4/accounts/a7fa198dd5b359a187c671064fe6b36e/ai-gateway/gateways/opencode/routes/2ae7e921-65e2-4847-82ae-65928df2726c -H @/tmp/d1-registry-refresh-fnWF1b/cf-auth.txt -H cf-aig-skip-cache: true 
curl -sS --max-time 30 https://api.cloudflare.com/client/v4/accounts/a7fa198dd5b359a187c671064fe6b36e/ai-gateway/gateways/opencode/routes/2ae7e921-65e2-4847-82ae-65928df2726c -H @/tmp/d1-registry-refresh-fnWF1b/cf-auth.txt -H cf-aig-skip-cache: true 
curl -sS --max-time 30 https://api.cloudflare.com/client/v4/accounts/a7fa198dd5b359a187c671064fe6b36e/ai-gateway/gateways/opencode/routes/2ae7e921-65e2-4847-82ae-65928df2726c -H @/tmp/d1-registry-refresh-fnWF1b/cf-auth.txt -H cf-aig-skip-cache: true 
curl -sS --max-time 30 https://api.cloudflare.com/client/v4/accounts/a7fa198dd5b359a187c671064fe6b36e/ai-gateway/gateways/opencode/routes/31c7f25e-f0ca-46c7-9e03-44b269ec4205 -H @/tmp/d1-registry-refresh-fnWF1b/cf-auth.txt -H cf-aig-skip-cache: true 
curl -sS --max-time 30 https://api.cloudflare.com/client/v4/accounts/a7fa198dd5b359a187c671064fe6b36e/ai-gateway/gateways/opencode/routes/31c7f25e-f0ca-46c7-9e03-44b269ec4205 -H @/tmp/d1-registry-refresh-fnWF1b/cf-auth.txt -H cf-aig-skip-cache: true 
curl -sS --max-time 30 https://api.cloudflare.com/client/v4/accounts/a7fa198dd5b359a187c671064fe6b36e/ai-gateway/gateways/opencode/routes/31c7f25e-f0ca-46c7-9e03-44b269ec4205 -H @/tmp/d1-registry-refresh-fnWF1b/cf-auth.txt -H cf-aig-skip-cache: true 
curl -sS --max-time 30 https://api.vercel.com/v1/teams?limit=100 -H @/tmp/d1-registry-refresh-fnWF1b/vc-auth.txt 
curl -sS --max-time 30 https://api.vercel.com/v1/teams?limit=100 -H @/tmp/d1-registry-refresh-fnWF1b/vc-auth.txt 
curl -sS --max-time 30 https://api.vercel.com/v1/teams?limit=100 -H @/tmp/d1-registry-refresh-fnWF1b/vc-auth.txt 
curl -sS --max-time 30 https://api.vercel.com/ai-gateway/virtual-model-configs?teamId=team_ADbqDEhjfSbW28kKM6F8pKd8&limit=100 -H @/tmp/d1-registry-refresh-fnWF1b/vc-auth.txt 
curl -sS --max-time 30 https://api.vercel.com/ai-gateway/virtual-model-configs?teamId=team_ADbqDEhjfSbW28kKM6F8pKd8&limit=100 -H @/tmp/d1-registry-refresh-fnWF1b/vc-auth.txt 
curl -sS --max-time 30 https://api.vercel.com/ai-gateway/virtual-model-configs/pr-gate?teamId=team_ADbqDEhjfSbW28kKM6F8pKd8 -H @/tmp/d1-registry-refresh-fnWF1b/vc-auth.txt 
curl -sS --max-time 30 https://api.vercel.com/ai-gateway/virtual-model-configs/pr-gate?teamId=team_ADbqDEhjfSbW28kKM6F8pKd8 -H @/tmp/d1-registry-refresh-fnWF1b/vc-auth.txt 
curl -sS --max-time 30 https://api.vercel.com/ai-gateway/virtual-model-configs/pr-gate?teamId=team_ADbqDEhjfSbW28kKM6F8pKd8 -H @/tmp/d1-registry-refresh-fnWF1b/vc-auth.txt 
curl -sS --max-time 30 https://api.vercel.com/ai-gateway/virtual-model-configs/pr-reviewer?teamId=team_ADbqDEhjfSbW28kKM6F8pKd8 -H @/tmp/d1-registry-refresh-fnWF1b/vc-auth.txt 
curl -sS --max-time 30 https://api.vercel.com/ai-gateway/virtual-model-configs/pr-reviewer?teamId=team_ADbqDEhjfSbW28kKM6F8pKd8 -H @/tmp/d1-registry-refresh-fnWF1b/vc-auth.txt 
curl -sS --max-time 30 https://api.vercel.com/ai-gateway/virtual-model-configs/pr-reviewer?teamId=team_ADbqDEhjfSbW28kKM6F8pKd8 -H @/tmp/d1-registry-refresh-fnWF1b/vc-auth.txt 
curl -sS --max-time 30 https://api.vercel.com/ai-gateway/virtual-model-configs/tui?teamId=team_ADbqDEhjfSbW28kKM6F8pKd8 -H @/tmp/d1-registry-refresh-fnWF1b/vc-auth.txt 
curl -sS --max-time 30 https://api.vercel.com/ai-gateway/virtual-model-configs/tui?teamId=team_ADbqDEhjfSbW28kKM6F8pKd8 -H @/tmp/d1-registry-refresh-fnWF1b/vc-auth.txt 
curl -sS --max-time 30 https://api.vercel.com/ai-gateway/virtual-model-configs/tui?teamId=team_ADbqDEhjfSbW28kKM6F8pKd8 -H @/tmp/d1-registry-refresh-fnWF1b/vc-auth.txt 
